This is gnustep-make 2.9.3. Type 'gmake print-gnustep-make-help' for help.
Running in gnustep-make version 2 strict mode.
Making all for app Meteo...
 Creating Meteo.app/....
 Compiling file MyDelegate.m ...
 Compiling file PreferencesController.m ...
 Compiling file PredictionController.m ...
 Compiling file Main.m ...
 Linking app Meteo ...
 Creating Meteo.app/Resources...
 Creating stamp file...
 Creating Meteo.app/Resources/Info-gnustep.plist...
 Creating Meteo.app/Resources/Meteo.desktop...
 Copying resources into the app wrapper...
 Copying localized resources into the app wrapper...
This is gnustep-make 2.9.3. Type 'gmake print-gnustep-make-help' for help.
Running in gnustep-make version 2 strict mode.
Making all for app Meteo...
gmake[3]: Rien à faire pour « internal-app-compile ».
 Copying resources into the app wrapper...
 Copying localized resources into the app wrapper...
Making install for app Meteo...
 Installing bundle directory...
