This is gnustep-make 2.9.3. Type 'gmake print-gnustep-make-help' for help.
Running in gnustep-make version 2 strict mode.
Making all for app SaveLink...
 Creating SaveLink.app/....
 Compiling file AppController.m ...
 Compiling file SaveLink.m ...
 Compiling file SaveLink_main.m ...
 Linking app SaveLink ...
 Creating SaveLink.app/Resources...
 Creating stamp file...
 Creating SaveLink.app/Resources/Info-gnustep.plist...
 Creating SaveLink.app/Resources/SaveLink.desktop...
 Copying resources into the app wrapper...
 Copying localized resources into the app wrapper...
This is gnustep-make 2.9.3. Type 'gmake print-gnustep-make-help' for help.
Running in gnustep-make version 2 strict mode.
Making all for app SaveLink...
gmake[3]: Rien à faire pour « internal-app-compile ».
 Copying resources into the app wrapper...
 Copying localized resources into the app wrapper...
Making install for app SaveLink...
 Installing bundle directory...
