This is gnustep-make 2.9.3. Type 'gmake print-gnustep-make-help' for help.
Running in gnustep-make version 2 strict mode.
Making all for app StepSync...
 Creating StepSync.app/....
 Compiling file AppController.m ...
 Compiling file FileMap.m ...
 Compiling file FileObject.m ...
 Compiling file Engine.m ...
Engine.m: In function ‘-[Engine synchronize]’:
Engine.m:650:25: warning: variable ‘newAbsolutePath’ set but not used [-Wunused-but-set-variable]
  650 |               NSString *newAbsolutePath;
      |                         ^~~~~~~~~~~~~~~
 Compiling file FileArray.m ...
 Compiling file main.m ...
 Linking app StepSync ...
 Creating StepSync.app/Resources...
 Creating stamp file...
 Creating StepSync.app/Resources/Info-gnustep.plist...
 Creating StepSync.app/Resources/StepSync.desktop...
 Copying resources into the app wrapper...
 Copying localized resources into the app wrapper...
This is gnustep-make 2.9.3. Type 'gmake print-gnustep-make-help' for help.
Running in gnustep-make version 2 strict mode.
Making all for app StepSync...
gmake[3]: Rien à faire pour « internal-app-compile ».
 Copying resources into the app wrapper...
 Copying localized resources into the app wrapper...
Making install for app StepSync...
 Installing bundle directory...
