This is gnustep-make 2.9.3. Type 'gmake print-gnustep-make-help' for help.
Running in gnustep-make version 2 strict mode.
Making all for app ScreenLock...
 Creating ScreenLock.app/....
 Compiling file MyDelegate.m ...
 Compiling file Main.m ...
 Linking app ScreenLock ...
 Creating ScreenLock.app/Resources...
 Creating stamp file...
 Creating ScreenLock.app/Resources/Info-gnustep.plist...
 Creating ScreenLock.app/Resources/ScreenLock.desktop...
 Copying resources into the app wrapper...
 Copying localized resources into the app wrapper...
This is gnustep-make 2.9.3. Type 'gmake print-gnustep-make-help' for help.
Running in gnustep-make version 2 strict mode.
Making all for app ScreenLock...
gmake[3]: Rien à faire pour « internal-app-compile ».
 Copying resources into the app wrapper...
 Copying localized resources into the app wrapper...
Making install for app ScreenLock...
 Installing bundle directory...
