This is gnustep-make 2.9.3. Type 'gmake print-gnustep-make-help' for help.
Running in gnustep-make version 2 strict mode.
Making all for app PRICE...
 Creating PRICE.app/....
 Compiling file FFT.c ...
 Compiling file main.m ...
 Compiling file AppController.m ...
AppController.m: In function ‘-[AppController application:openFile:]’:
AppController.m:31:3: warning: passing argument 3 of ‘openDocumentWithContentsOfURL:display:error:’ from incompatible pointer type [-Wincompatible-pointer-types]
   31 |   doc = [dc openDocumentWithContentsOfURL:[NSURL fileURLWithPath:filename] display:YES error:nil];
      |   ^~~
      |   |
      |   id
AppController.m:31:3: note: expected ‘struct NSError **’ but argument is of type ‘id’
 Compiling file MyDocument.m ...
 Compiling file PRCConvolve55.m ...
 Compiling file PRConvolve55.m ...
 Compiling file PRFourier.m ...
 Compiling file PRGrayscaleFilter.m ...
 Compiling file PRImageView.m ...
 Compiling file PRTransforms.m ...
 Compiling file PRWindowController.m ...
 Compiling file PRCDFTLowPass.m ...
 Compiling file PRDFTLowPass.m ...
 Compiling file PRCDFTHighPass.m ...
 Compiling file PRDFTFilter.m ...
 Compiling file PRDFTHighPass.m ...
 Compiling file PRCEqualize.m ...
 Compiling file PREqualize.m ...
 Compiling file PRHistogram.m ...
 Compiling file PRCHistogram.m ...
 Compiling file PRHisto.m ...
 Compiling file PRCCumHisto.m ...
 Compiling file PRCumHisto.m ...
 Compiling file PRCHisto.m ...
 Compiling file PRCTraceEdges.m ...
 Compiling file PRTraceEdges.m ...
 Compiling file PRCustTraceEdges.m ...
 Compiling file PRCCustTraceEdges.m ...
 Compiling file PRMedian.m ...
 Compiling file PRCMedian.m ...
 Compiling file PRCProgress.m ...
 Compiling file PRProgressAction.m ...
 Compiling file PRScale.m ...
 Compiling file PRCScale.m ...
 Compiling file PRCCrop.m ...
 Compiling file PRCrop.m ...
 Compiling file PRBriCon.m ...
 Compiling file PRCBriCon.m ...
 Compiling file PRImage.m ...
 Compiling file PRCGrayscale.m ...
 Compiling file PRInvert.m ...
 Compiling file PRFilter.m ...
 Compiling file PRCFourier.m ...
 Compiling file PRCInvert.m ...
 Compiling file PRCTransforms.m ...
 Compiling file PRPreviewController.m ...
 Compiling file PRFilterController.m ...
 Compiling file PRCCurves.m ...
 Compiling file PRCurves.m ...
 Compiling file PRCurvesPath.m ...
PRCurvesPath.m: In function ‘-[PRCurvesPath blackPoint]’:
PRCurvesPath.m:78:23: warning: variable ‘pe’ set but not used [-Wunused-but-set-variable]
   78 |   NSBezierPathElement pe;
      |                       ^~
PRCurvesPath.m: In function ‘-[PRCurvesPath values]’:
PRCurvesPath.m:131:27: warning: variable ‘pe’ set but not used [-Wunused-but-set-variable]
  131 |       NSBezierPathElement pe;
      |                           ^~
PRCurvesPath.m:114:18: warning: variable ‘maxX’ set but not used [-Wunused-but-set-variable]
  114 |   unsigned minX, maxX;
      |                  ^~~~
 Compiling file PRCurvesView.m ...
 Linking app PRICE ...
 Creating PRICE.app/Resources...
 Creating stamp file...
 Creating PRICE.app/Resources/Info-gnustep.plist...
 Creating PRICE.app/Resources/PRICE.desktop...
 Copying resources into the app wrapper...
 Copying localized resources into the app wrapper...
This is gnustep-make 2.9.3. Type 'gmake print-gnustep-make-help' for help.
Running in gnustep-make version 2 strict mode.
Making all for app PRICE...
gmake[3]: Rien à faire pour « internal-app-compile ».
 Copying resources into the app wrapper...
 Copying localized resources into the app wrapper...
Making install for app PRICE...
 Installing bundle directory...
