This is gnustep-make 2.9.3. Type 'gmake print-gnustep-make-help' for help.
Running in gnustep-make version 2 strict mode.
Making all for app Pass...
 Creating Pass.app/....
 Compiling file MyDelegate.m ...
 Compiling file Search.m ...
 Compiling file ListController.m ...
 Compiling file New.m ...
 Compiling file Main.m ...
 Linking app Pass ...
 Creating Pass.app/Resources...
 Creating stamp file...
 Creating Pass.app/Resources/Info-gnustep.plist...
 Creating Pass.app/Resources/Pass.desktop...
 Copying resources into the app wrapper...
 Copying localized resources into the app wrapper...
This is gnustep-make 2.9.3. Type 'gmake print-gnustep-make-help' for help.
Running in gnustep-make version 2 strict mode.
Making all for app Pass...
gmake[3]: Rien à faire pour « internal-app-compile ».
 Copying resources into the app wrapper...
 Copying localized resources into the app wrapper...
Making install for app Pass...
 Installing bundle directory...
