This is gnustep-make 2.9.3. Type 'gmake print-gnustep-make-help' for help.
Running in gnustep-make version 2 strict mode.
Making all for app Launcher...
 Creating Launcher.app/....
 Compiling file MyDelegate.m ...
 Compiling file Main.m ...
 Linking app Launcher ...
 Creating Launcher.app/Resources...
 Creating stamp file...
 Creating Launcher.app/Resources/Info-gnustep.plist...
 Creating Launcher.app/Resources/Launcher.desktop...
 Copying resources into the app wrapper...
 Copying localized resources into the app wrapper...
This is gnustep-make 2.9.3. Type 'gmake print-gnustep-make-help' for help.
Running in gnustep-make version 2 strict mode.
Making all for app Launcher...
gmake[3]: Rien à faire pour « internal-app-compile ».
 Copying resources into the app wrapper...
 Copying localized resources into the app wrapper...
Making install for app Launcher...
 Installing bundle directory...
