[H[J[3J
[1m[33m === Chess === [0;10m

Debug status: yes

[1m *** Purge old release *** [0;10m

	 Chess Bundle was removed.
	 Chess link was removed.
[22;32m- Purge was done[0m.

[1m *** Building and installing Chess *** [0;10m

This is gnustep-make 2.9.3. Type 'gmake print-gnustep-make-help' for help.
Running in gnustep-make version 2 strict mode.
mkdir -p ./obj/gnuchess.subproj
Making all for app Chess...
 Creating Chess.app/....
 Compiling file gnuchess.c ...
gnuchess.c: In function ‘KingScan’:
gnuchess.c:2050:6: warning: suggest explicit braces to avoid ambiguous ‘else’ [-Wdangling-else]
 2050 |   if (color[u] != c2)                           \
      |      ^
gnuchess.c:2068:34: note: in expansion of macro ‘ScoreThreat’
 2068 |             if (atk2[u] & ctlBQ) ScoreThreat;
      |                                  ^~~~~~~~~~~
gnuchess.c:2050:6: warning: suggest explicit braces to avoid ambiguous ‘else’ [-Wdangling-else]
 2050 |   if (color[u] != c2)                           \
      |      ^
gnuchess.c:2080:34: note: in expansion of macro ‘ScoreThreat’
 2080 |             if (atk2[u] & ctlRQ) ScoreThreat;
      |                                  ^~~~~~~~~~~
gnuchess.c:2050:6: warning: suggest explicit braces to avoid ambiguous ‘else’ [-Wdangling-else]
 2050 |   if (color[u] != c2)                           \
      |      ^
gnuchess.c:2090:32: note: in expansion of macro ‘ScoreThreat’
 2090 |           if (atk2[u] & ctlNN) ScoreThreat;
      |                                ^~~~~~~~~~~
 Compiling file Board.m ...
In file included from Board.m:55:
/Local/Library/Headers/Foundation/NSUtilities.h:27:2: warning: #warning The use of NSUtilities.h is deprecated [-Wcpp]
   27 | #warning        The use of NSUtilities.h is deprecated
      |  ^~~~~~~
Board.m: In function ‘whitePiece’:
Board.m:76:19: warning: old-style function definition [-Wold-style-definition]
   76 | static NSString  *whitePiece( p )
      |                   ^~~~~~~~~~
Board.m: In function ‘blackPiece’:
Board.m:91:19: warning: old-style function definition [-Wold-style-definition]
   91 | static NSString  *blackPiece( p )
      |                   ^~~~~~~~~~
Board.m: In function ‘-[Board mouseDown:]’:
Board.m:357:5: warning: ‘NSApplication’ may not respond to ‘-bothsides’
  357 |     if ( [NSApp bothsides] ) {
      |     ^~
Board.m:357:5: warning: (messages without a matching method signature will be assumed to return ‘id’ and accept ‘...’ as arguments)
Board.m:360:5: warning: ‘NSApplication’ may not respond to ‘-finished’
  360 |     else if( [NSApp finished] ) {
      |     ^~~~
Board.m:361:9: warning: ‘NSApplication’ may not respond to ‘-finishedAlert’
  361 |         [NSApp finishedAlert];
      |         ^
Board.m:478:17: warning: ‘NSApplication’ may not respond to ‘-makeMoveFrom::to::’
  478 |                 if( ! [NSApp makeMoveFrom: r : c to: r2 : c2] ) {
      |                 ^~
Board.m:453:17: warning: ‘controlGState’ may be used uninitialized [-Wmaybe-uninitialized]
  453 |                 PScomposite( winP.x, winP.y, backR.size.width,
      |                 ^~~~~~~~~~~~~~~~~~~~~~~~~~~~~~~~~~~~~~~~~~~~~~
  454 |                                          backR.size.height, controlGState, (float)0.0,
      |                                          ~~~~~~~~~~~~~~~~~~~~~~~~~~~~~~~~~~~~~~~~~~~~~
  455 |                                          (float)0.0, NSCompositeCopy );
      |                                          ~~~~~~~~~~~~~~~~~~~~~~~~~~~~~
Board.m:379:14: note: ‘controlGState’ was declared here
  379 |         int  controlGState;
      |              ^~~~~~~~~~~~~
 Compiling file Board3D.m ...
In file included from Board3D.m:55:
/Local/Library/Headers/Foundation/NSUtilities.h:27:2: warning: #warning The use of NSUtilities.h is deprecated [-Wcpp]
   27 | #warning        The use of NSUtilities.h is deprecated
      |  ^~~~~~~
Board3D.m: In function ‘-[Board3D backgroundBitmap]’:
Board3D.m:225:1: warning: conflicting types for ‘-(id)backgroundBitmap’
  225 | {
      | ^
In file included from Board3D.m:61:
Board3D.h:62:1: note: previous declaration of ‘-(NSImage *)backgroundBitmap’
   62 | - (NSImage *) backgroundBitmap;
      | ^
Board3D.m: In function ‘-[Board3D slidePieceFrom::to::]’:
Board3D.m:306:31: error: passing argument 3 of ‘squareOrigin’ from incompatible pointer type [-Wincompatible-pointer-types]
  306 |     squareOrigin( row2, col2, &endP.x, &endP.y );
      |                               ^~~~~~~
      |                               |
      |                               CGFloat * {aka double *}
Board3D.m:108:48: note: expected ‘float *’ but argument is of type ‘CGFloat *’ {aka ‘double *’}
  108 | static void squareOrigin( int r, int c, float *x, float *y )
      |                                         ~~~~~~~^
Board3D.m:306:40: error: passing argument 4 of ‘squareOrigin’ from incompatible pointer type [-Wincompatible-pointer-types]
  306 |     squareOrigin( row2, col2, &endP.x, &endP.y );
      |                                        ^~~~~~~
      |                                        |
      |                                        CGFloat * {aka double *}
Board3D.m:108:58: note: expected ‘float *’ but argument is of type ‘CGFloat *’ {aka ‘double *’}
  108 | static void squareOrigin( int r, int c, float *x, float *y )
      |                                                   ~~~~~~~^
Board3D.m:312:31: error: passing argument 3 of ‘squareOrigin’ from incompatible pointer type [-Wincompatible-pointer-types]
  312 |     squareOrigin( row1, col1, &backP.x, &backP.y );
      |                               ^~~~~~~~
      |                               |
      |                               CGFloat * {aka double *}
Board3D.m:108:48: note: expected ‘float *’ but argument is of type ‘CGFloat *’ {aka ‘double *’}
  108 | static void squareOrigin( int r, int c, float *x, float *y )
      |                                         ~~~~~~~^
Board3D.m:312:41: error: passing argument 4 of ‘squareOrigin’ from incompatible pointer type [-Wincompatible-pointer-types]
  312 |     squareOrigin( row1, col1, &backP.x, &backP.y );
      |                                         ^~~~~~~~
      |                                         |
      |                                         CGFloat * {aka double *}
Board3D.m:108:58: note: expected ‘float *’ but argument is of type ‘CGFloat *’ {aka ‘double *’}
  108 | static void squareOrigin( int r, int c, float *x, float *y )
      |                                                   ~~~~~~~^
Board3D.m:293:13: warning: variable ‘oldLocation’ set but not used [-Wunused-but-set-variable]
  293 |     NSRect  oldLocation;
      |             ^~~~~~~~~~~
Board3D.m: In function ‘-[Board3D mouseDown:]’:
Board3D.m:560:5: warning: ‘NSApplication’ may not respond to ‘-bothsides’
  560 |     if ( [NSApp bothsides] ) {
      |     ^~
Board3D.m:560:5: warning: (messages without a matching method signature will be assumed to return ‘id’ and accept ‘...’ as arguments)
Board3D.m:563:5: warning: ‘NSApplication’ may not respond to ‘-finished’
  563 |     else if( [NSApp finished] ) {
      |     ^~~~
Board3D.m:564:9: warning: ‘NSApplication’ may not respond to ‘-finishedAlert’
  564 |         [NSApp finishedAlert];
      |         ^
Board3D.m:688:25: warning: ‘NSApplication’ may not respond to ‘-makeMoveFrom::to::’
  688 |                         if( ! [NSApp makeMoveFrom: r : c to: r2 : c2] ) {
      |                         ^~
gmake[3]: *** [/System/Library/Makefiles/rules.make:534: obj/Chess.obj/Board3D.m.o] Error 1
gmake[2]: *** [/System/Library/Makefiles/Instance/application.make:145: internal-app-run-compile-submake] Error 2
gmake[1]: *** [/System/Library/Makefiles/Master/rules.make:297: Chess.all.app.variables] Error 2
make: *** [/System/Library/Makefiles/Master/application.make:38: internal-all] Error 2
This is gnustep-make 2.9.3. Type 'gmake print-gnustep-make-help' for help.
Running in gnustep-make version 2 strict mode.
mkdir -p ./obj/gnuchess.subproj
Making all for app Chess...
 Compiling file Board3D.m ...
In file included from Board3D.m:55:
/Local/Library/Headers/Foundation/NSUtilities.h:27:2: warning: #warning The use of NSUtilities.h is deprecated [-Wcpp]
   27 | #warning        The use of NSUtilities.h is deprecated
      |  ^~~~~~~
Board3D.m: In function ‘-[Board3D backgroundBitmap]’:
Board3D.m:225:1: warning: conflicting types for ‘-(id)backgroundBitmap’
  225 | {
      | ^
In file included from Board3D.m:61:
Board3D.h:62:1: note: previous declaration of ‘-(NSImage *)backgroundBitmap’
   62 | - (NSImage *) backgroundBitmap;
      | ^
Board3D.m: In function ‘-[Board3D slidePieceFrom::to::]’:
Board3D.m:306:31: error: passing argument 3 of ‘squareOrigin’ from incompatible pointer type [-Wincompatible-pointer-types]
  306 |     squareOrigin( row2, col2, &endP.x, &endP.y );
      |                               ^~~~~~~
      |                               |
      |                               CGFloat * {aka double *}
Board3D.m:108:48: note: expected ‘float *’ but argument is of type ‘CGFloat *’ {aka ‘double *’}
  108 | static void squareOrigin( int r, int c, float *x, float *y )
      |                                         ~~~~~~~^
Board3D.m:306:40: error: passing argument 4 of ‘squareOrigin’ from incompatible pointer type [-Wincompatible-pointer-types]
  306 |     squareOrigin( row2, col2, &endP.x, &endP.y );
      |                                        ^~~~~~~
      |                                        |
      |                                        CGFloat * {aka double *}
Board3D.m:108:58: note: expected ‘float *’ but argument is of type ‘CGFloat *’ {aka ‘double *’}
  108 | static void squareOrigin( int r, int c, float *x, float *y )
      |                                                   ~~~~~~~^
Board3D.m:312:31: error: passing argument 3 of ‘squareOrigin’ from incompatible pointer type [-Wincompatible-pointer-types]
  312 |     squareOrigin( row1, col1, &backP.x, &backP.y );
      |                               ^~~~~~~~
      |                               |
      |                               CGFloat * {aka double *}
Board3D.m:108:48: note: expected ‘float *’ but argument is of type ‘CGFloat *’ {aka ‘double *’}
  108 | static void squareOrigin( int r, int c, float *x, float *y )
      |                                         ~~~~~~~^
Board3D.m:312:41: error: passing argument 4 of ‘squareOrigin’ from incompatible pointer type [-Wincompatible-pointer-types]
  312 |     squareOrigin( row1, col1, &backP.x, &backP.y );
      |                                         ^~~~~~~~
      |                                         |
      |                                         CGFloat * {aka double *}
Board3D.m:108:58: note: expected ‘float *’ but argument is of type ‘CGFloat *’ {aka ‘double *’}
  108 | static void squareOrigin( int r, int c, float *x, float *y )
      |                                                   ~~~~~~~^
Board3D.m:293:13: warning: variable ‘oldLocation’ set but not used [-Wunused-but-set-variable]
  293 |     NSRect  oldLocation;
      |             ^~~~~~~~~~~
Board3D.m: In function ‘-[Board3D mouseDown:]’:
Board3D.m:560:5: warning: ‘NSApplication’ may not respond to ‘-bothsides’
  560 |     if ( [NSApp bothsides] ) {
      |     ^~
Board3D.m:560:5: warning: (messages without a matching method signature will be assumed to return ‘id’ and accept ‘...’ as arguments)
Board3D.m:563:5: warning: ‘NSApplication’ may not respond to ‘-finished’
  563 |     else if( [NSApp finished] ) {
      |     ^~~~
Board3D.m:564:9: warning: ‘NSApplication’ may not respond to ‘-finishedAlert’
  564 |         [NSApp finishedAlert];
      |         ^
Board3D.m:688:25: warning: ‘NSApplication’ may not respond to ‘-makeMoveFrom::to::’
  688 |                         if( ! [NSApp makeMoveFrom: r : c to: r2 : c2] ) {
      |                         ^~
gmake[3]: *** [/System/Library/Makefiles/rules.make:534: obj/Chess.obj/Board3D.m.o] Error 1
gmake[2]: *** [/System/Library/Makefiles/Instance/application.make:145: internal-app-run-compile-submake] Error 2
gmake[1]: *** [/System/Library/Makefiles/Master/rules.make:297: Chess.all.app.variables] Error 2
make: *** [/System/Library/Makefiles/Master/application.make:38: internal-all] Error 2

 [22;31m=== Alert! ===[0m 
[22;31m [E] ERROR! The application Chess was not found in /Local/Applications.
Please, report this issue at:
https://github.com/pcardona34/agnostep-desktop/issues [0m 

