This is gnustep-make 2.9.3. Type 'gmake print-gnustep-make-help' for help.
Running in gnustep-make version 2 strict mode.
Making all for app UpMem...
 Creating UpMem.app/....
 Compiling file MyDelegate.m ...
 Compiling file Memory.m ...
 Compiling file Main.m ...
 Linking app UpMem ...
 Creating UpMem.app/Resources...
 Creating stamp file...
 Creating UpMem.app/Resources/Info-gnustep.plist...
 Creating UpMem.app/Resources/UpMem.desktop...
 Copying resources into the app wrapper...
 Copying localized resources into the app wrapper...
This is gnustep-make 2.9.3. Type 'gmake print-gnustep-make-help' for help.
Running in gnustep-make version 2 strict mode.
Making all for app UpMem...
gmake[3]: Rien à faire pour « internal-app-compile ».
 Copying resources into the app wrapper...
 Copying localized resources into the app wrapper...
Making install for app UpMem...
 Installing bundle directory...
