This is gnustep-make 2.9.3. Type 'gmake print-gnustep-make-help' for help.
Running in gnustep-make version 2 strict mode.
Making all for app Dico...
 Creating Dico.app/....
 Compiling file AppController.m ...
 Compiling file Dico.m ...
 Compiling file Dico_main.m ...
 Linking app Dico ...
 Creating Dico.app/Resources...
 Creating stamp file...
 Creating Dico.app/Resources/Info-gnustep.plist...
 Creating Dico.app/Resources/Dico.desktop...
 Copying resources into the app wrapper...
 Copying localized resources into the app wrapper...
This is gnustep-make 2.9.3. Type 'gmake print-gnustep-make-help' for help.
Running in gnustep-make version 2 strict mode.
Making all for app Dico...
gmake[3]: Rien à faire pour « internal-app-compile ».
 Copying resources into the app wrapper...
 Copying localized resources into the app wrapper...
Making install for app Dico...
 Installing bundle directory...
