This is gnustep-make 2.9.3. Type 'gmake print-gnustep-make-help' for help.
Running in gnustep-make version 2 strict mode.
Making all for app Sound...
 Creating Sound.app/....
 Compiling file Delegate.m ...
 Compiling file Main.m ...
 Linking app Sound ...
 Creating Sound.app/Resources...
 Creating stamp file...
 Creating Sound.app/Resources/Info-gnustep.plist...
 Creating Sound.app/Resources/Sound.desktop...
 Copying resources into the app wrapper...
 Copying localized resources into the app wrapper...
This is gnustep-make 2.9.3. Type 'gmake print-gnustep-make-help' for help.
Running in gnustep-make version 2 strict mode.
Making all for app Sound...
gmake[3]: Rien à faire pour « internal-app-compile ».
 Copying resources into the app wrapper...
 Copying localized resources into the app wrapper...
Making install for app Sound...
 Installing bundle directory...
