This is gnustep-make 2.9.3. Type 'gmake print-gnustep-make-help' for help.
Running in gnustep-make version 2 strict mode.
Making all for app Mixer...
 Creating Mixer.app/....
 Compiling file main.m ...
 Compiling file AppController.m ...
 Linking app Mixer ...
 Creating Mixer.app/Resources...
 Creating stamp file...
 Creating Mixer.app/Resources/Info-gnustep.plist...
 Creating Mixer.app/Resources/Mixer.desktop...
 Copying resources into the app wrapper...
 Copying localized resources into the app wrapper...
This is gnustep-make 2.9.3. Type 'gmake print-gnustep-make-help' for help.
Running in gnustep-make version 2 strict mode.
Making all for app Mixer...
gmake[3]: Rien à faire pour « internal-app-compile ».
 Copying resources into the app wrapper...
 Copying localized resources into the app wrapper...
Making install for app Mixer...
 Installing bundle directory...
