This is gnustep-make 2.9.3. Type 'gmake print-gnustep-make-help' for help.
Running in gnustep-make version 2 strict mode.
Making all for app OpenDisk...
 Creating OpenDisk.app/....
 Compiling file MyDelegate.m ...
 Compiling file Main.m ...
 Linking app OpenDisk ...
 Creating OpenDisk.app/Resources...
 Creating stamp file...
 Creating OpenDisk.app/Resources/Info-gnustep.plist...
 Creating OpenDisk.app/Resources/OpenDisk.desktop...
 Copying resources into the app wrapper...
 Copying localized resources into the app wrapper...
This is gnustep-make 2.9.3. Type 'gmake print-gnustep-make-help' for help.
Running in gnustep-make version 2 strict mode.
Making all for app OpenDisk...
gmake[3]: Rien à faire pour « internal-app-compile ».
 Copying resources into the app wrapper...
 Copying localized resources into the app wrapper...
Making install for app OpenDisk...
 Installing bundle directory...
