This is gnustep-make 2.9.3. Type 'gmake print-gnustep-make-help' for help.
Running in gnustep-make version 2 strict mode.
Making all for app AgnostepManager...
 Creating AgnostepManager.app/....
 Compiling file MyDelegate.m ...
 Compiling file Main.m ...
 Linking app AgnostepManager ...
 Creating AgnostepManager.app/Resources...
 Creating stamp file...
 Creating AgnostepManager.app/Resources/Info-gnustep.plist...
 Creating AgnostepManager.app/Resources/AgnostepManager.desktop...
 Copying resources into the app wrapper...
 Copying localized resources into the app wrapper...
This is gnustep-make 2.9.3. Type 'gmake print-gnustep-make-help' for help.
Running in gnustep-make version 2 strict mode.
Making all for app AgnostepManager...
gmake[3]: Rien à faire pour « internal-app-compile ».
 Copying resources into the app wrapper...
 Copying localized resources into the app wrapper...
Making install for app AgnostepManager...
 Installing bundle directory...
