This is gnustep-make 2.9.3. Type 'gmake print-gnustep-make-help' for help.
Running in gnustep-make version 2 strict mode.
Making all for app Gemas...
 Creating Gemas.app/....
 Compiling file GemasController.m ...
 Compiling file GemasEditorView.m ...
 Compiling file GemasDocument.m ...
 Compiling file EditorWindow.m ...
 Compiling file Gemas_main.m ...
 Linking app Gemas ...
 Creating Gemas.app/Resources...
 Creating stamp file...
 Creating Gemas.app/Resources/Info-gnustep.plist...
 Creating Gemas.app/Resources/Gemas.desktop...
 Copying resources into the app wrapper...
 Copying localized resources into the app wrapper...
This is gnustep-make 2.9.3. Type 'gmake print-gnustep-make-help' for help.
Running in gnustep-make version 2 strict mode.
Making all for app Gemas...
gmake[3]: Rien à faire pour « internal-app-compile ».
 Copying resources into the app wrapper...
 Copying localized resources into the app wrapper...
Making install for app Gemas...
 Installing bundle directory...
