This is gnustep-make 2.9.3. Type 'gmake print-gnustep-make-help' for help.
Running in gnustep-make version 2 strict mode.
Making all for app Printer...
 Creating Printer.app/....
 Compiling file MyDelegate.m ...
 Compiling file Main.m ...
 Linking app Printer ...
 Creating Printer.app/Resources...
 Creating stamp file...
 Creating Printer.app/Resources/Info-gnustep.plist...
 Creating Printer.app/Resources/Printer.desktop...
 Copying resources into the app wrapper...
 Copying localized resources into the app wrapper...
This is gnustep-make 2.9.3. Type 'gmake print-gnustep-make-help' for help.
Running in gnustep-make version 2 strict mode.
Making all for app Printer...
gmake[3]: Rien à faire pour « internal-app-compile ».
 Copying resources into the app wrapper...
 Copying localized resources into the app wrapper...
Making install for app Printer...
 Installing bundle directory...
