This is gnustep-make 2.9.3. Type 'gmake print-gnustep-make-help' for help.
Running in gnustep-make version 2 strict mode.
Making all for app Player...
 Creating Player.app/....
 Compiling file AppController.m ...
AppController.m: In function ‘-[AppController play:]’:
AppController.m:87:5: warning: ‘AppController’ may not respond to ‘-openDocument:’
   87 |     [self openDocument:sender];
      |     ^
AppController.m:87:5: warning: (messages without a matching method signature will be assumed to return ‘id’ and accept ‘...’ as arguments)
AppController.m:89:3: warning: ‘MediaDocument’ may not respond to ‘-isPlaying’
   89 |   else if ([doc isPlaying]) {
      |   ^~~~
AppController.m:91:5: warning: ‘MediaDocument’ may not respond to ‘-stop’
   91 |     [doc stop];
      |     ^
AppController.m:95:5: warning: ‘MediaDocument’ may not respond to ‘-play’
   95 |     [doc play];
      |     ^
AppController.m: In function ‘-[AppController checkStatus]’:
AppController.m:137:3: warning: ‘MediaDocument’ may not respond to ‘-isPlaying’
  137 |   if ([[self currentDocument] isPlaying] != (BOOL)[controlPlayButton intValue]) {
      |   ^~
AppController.m:137:42: warning: comparison between pointer and integer
  137 |   if ([[self currentDocument] isPlaying] != (BOOL)[controlPlayButton intValue]) {
      |                                          ^~
AppController.m:138:5: warning: ‘MediaDocument’ may not respond to ‘-isPlaying’
  138 |     [controlPlayButton setIntValue:(int)[[self currentDocument] isPlaying]];
      |     ^
AppController.m:138:36: warning: cast from pointer to integer of different size [-Wpointer-to-int-cast]
  138 |     [controlPlayButton setIntValue:(int)[[self currentDocument] isPlaying]];
      |                                    ^
 Compiling file VideoDocument.m ...
 Compiling file MediaDocument.m ...
MediaDocument.m: In function ‘-[MediaDocument init]’:
MediaDocument.m:33:3: warning: ‘MediaDocument’ may not respond to ‘-makeWindow’
   33 |   [self makeWindow];
      |   ^
MediaDocument.m:33:3: warning: (messages without a matching method signature will be assumed to return ‘id’ and accept ‘...’ as arguments)
MediaDocument.m:34:3: warning: ‘MediaDocument’ may not respond to ‘-updateStatus’
   34 |   [self updateStatus];
      |   ^
MediaDocument.m: In function ‘-[MediaDocument loadFile:]’:
MediaDocument.m:52:3: warning: ‘MediaDocument’ may not respond to ‘-execTask’
   52 |   [self execTask];
      |   ^
MediaDocument.m: In function ‘-[MediaDocument play:]’:
MediaDocument.m:58:7: warning: ‘MediaDocument’ may not respond to ‘-writeCommand:’
   58 |       [self writeCommand:@"pause"];
      |       ^
MediaDocument.m:62:7: warning: ‘MediaDocument’ may not respond to ‘-writeCommand:’
   62 |       [self writeCommand:@"play"];
      |       ^
MediaDocument.m:68:5: warning: ‘MediaDocument’ may not respond to ‘-writeCommand:’
   68 |     [self writeCommand:[NSString stringWithFormat:@"seek %d", p]];
      |     ^
MediaDocument.m: In function ‘-[MediaDocument stop:]’:
MediaDocument.m:74:3: warning: ‘MediaDocument’ may not respond to ‘-writeCommand:’
   74 |   [self writeCommand:@"seek 0"];
      |   ^
MediaDocument.m:75:3: warning: ‘MediaDocument’ may not respond to ‘-writeCommand:’
   75 |   [self writeCommand:@"stop"];
      |   ^
MediaDocument.m: In function ‘-[MediaDocument checkStatus]’:
MediaDocument.m:81:5: warning: ‘MediaDocument’ may not respond to ‘-writeCommand:’
   81 |     [self writeCommand:@"status"];
      |     ^
MediaDocument.m:82:5: warning: ‘MediaDocument’ may not respond to ‘-writeCommand:’
   82 |     [self writeCommand:@"get_time"];
      |     ^
MediaDocument.m:83:5: warning: ‘MediaDocument’ may not respond to ‘-writeCommand:’
   83 |     [self writeCommand:@"get_length"];
      |     ^
MediaDocument.m: In function ‘-[MediaDocument windowWillClose:]’:
MediaDocument.m:171:3: warning: ‘MediaDocument’ may not respond to ‘-writeCommand:’
  171 |   [self writeCommand:@"quit"];
      |   ^
MediaDocument.m:172:3: warning: ‘MediaDocument’ may not respond to ‘-taskDidTerminate:’
  172 |   [self taskDidTerminate:nil];
      |   ^
MediaDocument.m: In function ‘-[MediaDocument dataReceived:]’:
MediaDocument.m:200:17: warning: initialization discards ‘const’ qualifier from pointer target type [-Wdiscarded-qualifiers]
  200 |   char* bytes = [data bytes];
      |                 ^
MediaDocument.m:209:7: warning: ‘MediaDocument’ may not respond to ‘-processLine:’
  209 |       [self processLine:line];
      |       ^
MediaDocument.m: In function ‘-[MediaDocument processLine:]’:
MediaDocument.m:260:15: warning: unused variable ‘f’ [-Wunused-variable]
  260 |     NSString* f = [line substringWithRange:NSMakeRange(15, [line length] - 15 - 2)];
      |               ^
 Compiling file VideoView.m ...
 Compiling file XEmbeddedView.m ...
XEmbeddedView.m: In function ‘-[XEmbeddedView dealloc]’:
XEmbeddedView.m:58:5: warning: ‘XEmbeddedView’ may not respond to ‘-unmapXWindow’
   58 |     [self unmapXWindow];
      |     ^
XEmbeddedView.m:58:5: warning: (messages without a matching method signature will be assumed to return ‘id’ and accept ‘...’ as arguments)
XEmbeddedView.m: In function ‘-[XEmbeddedView viewDidMoveToWindow]’:
XEmbeddedView.m:81:7: warning: ‘XEmbeddedView’ may not respond to ‘-unmapXWindow’
   81 |       [self unmapXWindow];
      |       ^
XEmbeddedView.m: In function ‘-[XEmbeddedView resizeWithOldSuperviewSize:]’:
XEmbeddedView.m:148:3: warning: ‘XEmbeddedView’ may not respond to ‘-resizeXWindow’
  148 |   [self resizeXWindow];
      |   ^
XEmbeddedView.m: In function ‘-[XEmbeddedView processXWindowsEvents:]’:
XEmbeddedView.m:319:7: warning: ‘XKeycodeToKeysym’ is deprecated [-Wdeprecated-declarations]
  319 |       KeySym keysym = XKeycodeToKeysym(d, e.xkey.keycode, 0);
      |       ^~~~~~
In file included from XEmbeddedView.h:29,
                 from XEmbeddedView.m:25:
/usr/include/X11/Xlib.h:1683:15: note: declared here
 1683 | extern KeySym XKeycodeToKeysym(
      |               ^~~~~~~~~~~~~~~~
XEmbeddedView.m:277:8: warning: variable ‘grabbing_keys’ set but not used [-Wunused-but-set-variable]
  277 |   BOOL grabbing_keys = NO;
      |        ^~~~~~~~~~~~~
XEmbeddedView.m:266:7: warning: variable ‘s’ set but not used [-Wunused-but-set-variable]
  266 |   int s;
      |       ^
 Compiling file STScriptingSupport.m ...
 Compiling file MediaDocument+scripting.m ...
MediaDocument+scripting.m: In function ‘-[MediaDocument(scripting) stop]’:
MediaDocument+scripting.m:14:3: warning: ‘MediaDocument’ may not respond to ‘-stop:’
   14 |   [self stop:nil];
      |   ^
MediaDocument+scripting.m:14:3: warning: (messages without a matching method signature will be assumed to return ‘id’ and accept ‘...’ as arguments)
 Compiling file Player_main.m ...
 Linking app Player ...
 Creating Player.app/Resources...
 Creating stamp file...
 Creating Player.app/Resources/Info-gnustep.plist...
 Creating Player.app/Resources/Player.desktop...
 Copying resources into the app wrapper...
 Copying localized resources into the app wrapper...
This is gnustep-make 2.9.3. Type 'gmake print-gnustep-make-help' for help.
Running in gnustep-make version 2 strict mode.
Making all for app Player...
gmake[3]: Rien à faire pour « internal-app-compile ».
 Copying resources into the app wrapper...
 Copying localized resources into the app wrapper...
Making install for app Player...
 Installing bundle directory...
