This is gnustep-make 2.9.3. Type 'gmake print-gnustep-make-help' for help.
Running in gnustep-make version 2 strict mode.
Making all for app Birthday...
 Creating Birthday.app/....
 Compiling file MyDelegate.m ...
 Compiling file Main.m ...
 Linking app Birthday ...
 Creating Birthday.app/Resources...
 Creating stamp file...
 Creating Birthday.app/Resources/Info-gnustep.plist...
 Creating Birthday.app/Resources/Birthday.desktop...
 Copying resources into the app wrapper...
 Copying localized resources into the app wrapper...
This is gnustep-make 2.9.3. Type 'gmake print-gnustep-make-help' for help.
Running in gnustep-make version 2 strict mode.
Making all for app Birthday...
gmake[3]: Rien à faire pour « internal-app-compile ».
 Copying resources into the app wrapper...
 Copying localized resources into the app wrapper...
Making install for app Birthday...
 Installing bundle directory...
