This is gnustep-make 2.9.3. Type 'gmake print-gnustep-make-help' for help.
Running in gnustep-make version 2 strict mode.
Making all for app ScanImage...
 Creating ScanImage.app/....
 Compiling file AppController.m ...
AppController.m: In function ‘-[AppController awakeFromNib]’:
AppController.m:38:3: warning: ‘AppController’ may not respond to ‘-__stopProcess’
   38 |   [self __stopProcess];
      |   ^
AppController.m:38:3: warning: (messages without a matching method signature will be assumed to return ‘id’ and accept ‘...’ as arguments)
 Compiling file ScanService.m ...
ScanService.m: In function ‘-[ScanService start]’:
ScanService.m:54:3: warning: ‘ScanService’ may not respond to ‘-execTask’
   54 |   [self execTask];
      |   ^
ScanService.m:54:3: warning: (messages without a matching method signature will be assumed to return ‘id’ and accept ‘...’ as arguments)
ScanService.m: In function ‘-[ScanService dataReceived:]’:
ScanService.m:127:17: warning: initialization discards ‘const’ qualifier from pointer target type [-Wdiscarded-qualifiers]
  127 |   char* bytes = [data bytes];
      |                 ^
ScanService.m:136:7: warning: ‘ScanService’ may not respond to ‘-processLine:’
  136 |       [self processLine:line];
      |       ^
 Compiling file ScanImage.m ...
ScanImage.m: In function ‘-[ScanImage scanWithArguments:]’:
ScanImage.m:46:3: warning: ‘ScanImage’ may not respond to ‘-execTask’
   46 |   [self execTask];
      |   ^
ScanImage.m:46:3: warning: (messages without a matching method signature will be assumed to return ‘id’ and accept ‘...’ as arguments)
 Compiling file ListDevices.m ...
 Compiling file ScanImage_main.m ...
 Linking app ScanImage ...
 Creating ScanImage.app/Resources...
 Creating stamp file...
 Creating ScanImage.app/Resources/Info-gnustep.plist...
 Creating ScanImage.app/Resources/ScanImage.desktop...
 Copying resources into the app wrapper...
 Copying localized resources into the app wrapper...
This is gnustep-make 2.9.3. Type 'gmake print-gnustep-make-help' for help.
Running in gnustep-make version 2 strict mode.
Making all for app ScanImage...
gmake[3]: Rien à faire pour « internal-app-compile ».
 Copying resources into the app wrapper...
 Copying localized resources into the app wrapper...
Making install for app ScanImage...
 Installing bundle directory...
