This is gnustep-make 2.9.3. Type 'gmake print-gnustep-make-help' for help.
Running in gnustep-make version 2 strict mode.
Making all in Black.bproj ...
Making all for bundle Black...
 Creating Black.InnerSpace/....
 Compiling file BlackView.m ...
 Linking bundle Black ...
 Creating Black.InnerSpace/Resources...
 Creating stamp file...
 Creating Black.InnerSpace/Resources/Info-gnustep.plist...
Making all in Boxes.bproj ...
Making all for bundle Boxes...
 Creating Boxes.InnerSpace/....
 Compiling file BoxesView.m ...
BoxesView.m: In function ‘-[BoxesView oneStep]’:
BoxesView.m:29:22: warning: unused variable ‘ctxt’ [-Wunused-variable]
   29 |   NSGraphicsContext *ctxt = GSCurrentContext();
      |                      ^~~~
 Linking bundle Boxes ...
 Creating Boxes.InnerSpace/Resources...
 Creating stamp file...
 Creating Boxes.InnerSpace/Resources/Info-gnustep.plist...
Making all in NickSpace.bproj ...
Making all for bundle NickSpace...
 Creating NickSpace.InnerSpace/....
 Compiling file NickSpaceView.m ...
NickSpaceView.m: In function ‘-[NSColor(GetColorsFromString) stringRepresentation]’:
NickSpaceView.m:61:5: error: passing argument 1 of ‘getRed:green:blue:alpha:’ from incompatible pointer type [-Wincompatible-pointer-types]
   61 |     [[self colorUsingColorSpaceName:NSCalibratedRGBColorSpace] getRed:&r green:&g blue:&b alpha:&a];
      |     ^
      |     |
      |     float *
NickSpaceView.m:61:5: note: expected ‘CGFloat *’ {aka ‘double *’} but argument is of type ‘float *’
NickSpaceView.m:61:5: error: passing argument 2 of ‘getRed:green:blue:alpha:’ from incompatible pointer type [-Wincompatible-pointer-types]
   61 |     [[self colorUsingColorSpaceName:NSCalibratedRGBColorSpace] getRed:&r green:&g blue:&b alpha:&a];
      |     ^
      |     |
      |     float *
NickSpaceView.m:61:5: note: expected ‘CGFloat *’ {aka ‘double *’} but argument is of type ‘float *’
NickSpaceView.m:61:5: error: passing argument 3 of ‘getRed:green:blue:alpha:’ from incompatible pointer type [-Wincompatible-pointer-types]
   61 |     [[self colorUsingColorSpaceName:NSCalibratedRGBColorSpace] getRed:&r green:&g blue:&b alpha:&a];
      |     ^
      |     |
      |     float *
NickSpaceView.m:61:5: note: expected ‘CGFloat *’ {aka ‘double *’} but argument is of type ‘float *’
NickSpaceView.m:61:5: error: passing argument 4 of ‘getRed:green:blue:alpha:’ from incompatible pointer type [-Wincompatible-pointer-types]
   61 |     [[self colorUsingColorSpaceName:NSCalibratedRGBColorSpace] getRed:&r green:&g blue:&b alpha:&a];
      |     ^
      |     |
      |     float *
NickSpaceView.m:61:5: note: expected ‘CGFloat *’ {aka ‘double *’} but argument is of type ‘float *’
gmake[4]: *** [/System/Library/Makefiles/rules.make:534: obj/NickSpace.obj/NickSpaceView.m.o] Error 1
gmake[3]: *** [/System/Library/Makefiles/Instance/bundle.make:193: internal-bundle-run-compile-submake] Error 2
gmake[2]: *** [/System/Library/Makefiles/Master/rules.make:297: NickSpace.all.bundle.variables] Error 2
gmake[1]: *** [/System/Library/Makefiles/Master/bundle.make:37: internal-all] Error 2
make: *** [/System/Library/Makefiles/Master/serial-subdirectories.make:53: internal-all] Error 2
This is gnustep-make 2.9.3. Type 'gmake print-gnustep-make-help' for help.
Running in gnustep-make version 2 strict mode.
Making all in Black.bproj ...
Making all for bundle Black...
gmake[4]: Rien à faire pour « internal-bundle-compile ».
Making all in Boxes.bproj ...
Making all for bundle Boxes...
gmake[4]: Rien à faire pour « internal-bundle-compile ».
Making all in NickSpace.bproj ...
Making all for bundle NickSpace...
 Compiling file NickSpaceView.m ...
NickSpaceView.m: In function ‘-[NSColor(GetColorsFromString) stringRepresentation]’:
NickSpaceView.m:61:5: error: passing argument 1 of ‘getRed:green:blue:alpha:’ from incompatible pointer type [-Wincompatible-pointer-types]
   61 |     [[self colorUsingColorSpaceName:NSCalibratedRGBColorSpace] getRed:&r green:&g blue:&b alpha:&a];
      |     ^
      |     |
      |     float *
NickSpaceView.m:61:5: note: expected ‘CGFloat *’ {aka ‘double *’} but argument is of type ‘float *’
NickSpaceView.m:61:5: error: passing argument 2 of ‘getRed:green:blue:alpha:’ from incompatible pointer type [-Wincompatible-pointer-types]
   61 |     [[self colorUsingColorSpaceName:NSCalibratedRGBColorSpace] getRed:&r green:&g blue:&b alpha:&a];
      |     ^
      |     |
      |     float *
NickSpaceView.m:61:5: note: expected ‘CGFloat *’ {aka ‘double *’} but argument is of type ‘float *’
NickSpaceView.m:61:5: error: passing argument 3 of ‘getRed:green:blue:alpha:’ from incompatible pointer type [-Wincompatible-pointer-types]
   61 |     [[self colorUsingColorSpaceName:NSCalibratedRGBColorSpace] getRed:&r green:&g blue:&b alpha:&a];
      |     ^
      |     |
      |     float *
NickSpaceView.m:61:5: note: expected ‘CGFloat *’ {aka ‘double *’} but argument is of type ‘float *’
NickSpaceView.m:61:5: error: passing argument 4 of ‘getRed:green:blue:alpha:’ from incompatible pointer type [-Wincompatible-pointer-types]
   61 |     [[self colorUsingColorSpaceName:NSCalibratedRGBColorSpace] getRed:&r green:&g blue:&b alpha:&a];
      |     ^
      |     |
      |     float *
NickSpaceView.m:61:5: note: expected ‘CGFloat *’ {aka ‘double *’} but argument is of type ‘float *’
gmake[4]: *** [/System/Library/Makefiles/rules.make:534: obj/NickSpace.obj/NickSpaceView.m.o] Error 1
gmake[3]: *** [/System/Library/Makefiles/Instance/bundle.make:193: internal-bundle-run-compile-submake] Error 2
gmake[2]: *** [/System/Library/Makefiles/Master/rules.make:297: NickSpace.all.bundle.variables] Error 2
gmake[1]: *** [/System/Library/Makefiles/Master/bundle.make:37: internal-all] Error 2
make: *** [/System/Library/Makefiles/Master/serial-subdirectories.make:53: internal-all] Error 2
