This is gnustep-make 2.9.3. Type 'gmake print-gnustep-make-help' for help.
Running in gnustep-make version 2 strict mode.
Making all for app HelpViewer...
 Creating HelpViewer.app/....
 Compiling file BRCell.m ...
 Compiling file BrowserCell.m ...
 Compiling file Controller.m ...
 Compiling file FigureCell.m ...
 Compiling file HandlerStructureXLP.m ...
HandlerStructureXLP.m: In function ‘-[HandlerStructureXLP parse]’:
HandlerStructureXLP.m:474:7: warning: class ‘HandlerStructureXLP’ does not implement the ‘SAXHandler’ protocol
  474 |       p = [c parserWithSAXHandler: self withData: _utf8DataContent];
      |       ^
 Compiling file Label.m ...
 Compiling file Legend.m ...
 Compiling file HelpDocument.m ...
HelpDocument.m: In function ‘-[HelpDocument readFromURL:ofType:error:]’:
HelpDocument.m:156:7: warning: ‘-setHelpDocument:’ not found in protocol(s)
  156 |       [handler setHelpDocument: self];
      |       ^
 Compiling file ModNSString.m ...
 Compiling file NoteCell.m ...
 Compiling file Page.m ...
 Compiling file Parser.m ...
 Compiling file Section.m ...
Section.m: In function ‘-[Section contentWithLevel:]’:
Section.m:130:15: warning: ‘TextFormatterXLP’ may not respond to ‘-renderHeader:withLevel:’
  130 |               id head  = [_textFormatter renderHeader: header withLevel: level];
      |               ^~
Section.m:130:15: warning: (messages without a matching method signature will be assumed to return ‘id’ and accept ‘...’ as arguments)
Section.m:133:11: warning: ‘TextFormatterXLP’ may not respond to ‘-renderText:’
  133 |           id ttext = [_textFormatter renderText: text];
      |           ^~
 Compiling file Table.m ...
Table.m: In function ‘-[Table init]’:
Table.m:26:9: warning: suggest parentheses around assignment used as truth value [-Wparentheses]
   26 |     if (self = [super init])
      |         ^~~~
Table.m: At top level:
Table.m:180:1: warning: incomplete implementation of class ‘Table’
  180 | @end
      | ^
Table.m:180:1: warning: method definition for ‘-drawInteriorWithFrame:’ not found
 Compiling file TextFormatterXLP.m ...
TextFormatterXLP.m: In function ‘-[TextFormatterXLP renderText:]’:
TextFormatterXLP.m:502:9: warning: type ‘id <SAXHandler>’ does not conform to the ‘NSObject’ protocol
  502 |         allowLossyConversion: YES]];
      |         ^~~~~~~~~~~~~~~~~~~~
TextFormatterXLP.m: At top level:
TextFormatterXLP.m:654:1: warning: incomplete implementation of class ‘TextFormatterXLP’
  654 | @end
      | ^
TextFormatterXLP.m:654:1: warning: method definition for ‘-initWithSection:’ not found
TextFormatterXLP.m:654:1: warning: method definition for ‘-parse’ not found
TextFormatterXLP.m:654:1: warning: method definition for ‘-setPath:’ not found
TextFormatterXLP.m:654:1: warning: method definition for ‘-sections’ not found
TextFormatterXLP.m:654:1: warning: class ‘TextFormatterXLP’ does not fully implement the ‘HandlerStructure’ protocol
 Compiling file TextViewCell.m ...
 Compiling file ViewCell.m ...
 Compiling file main.m ...
 Linking app HelpViewer ...
 Creating HelpViewer.app/Resources...
 Creating stamp file...
 Creating HelpViewer.app/Resources/Info-gnustep.plist...
 Creating HelpViewer.app/Resources/HelpViewer.desktop...
 Copying resources into the app wrapper...
 Copying localized resources into the app wrapper...
This is gnustep-make 2.9.3. Type 'gmake print-gnustep-make-help' for help.
Running in gnustep-make version 2 strict mode.
Making all for app HelpViewer...
gmake[3]: Rien à faire pour « internal-app-compile ».
 Copying resources into the app wrapper...
 Copying localized resources into the app wrapper...
Making install for app HelpViewer...
 Installing bundle directory...
