This is gnustep-make 2.9.3. Type 'gmake print-gnustep-make-help' for help.
Running in gnustep-make version 2 strict mode.
Making all for app Grr...
 Creating Grr.app/....
 Compiling file AppController.m ...
 Compiling file Article.m ...
 Compiling file ArticleFactory.m ...
 Compiling file Category.m ...
 Compiling file Components.m ...
 Compiling file Database.m ...
 Compiling file DatabaseElement.m ...
 Compiling file ExtendedWindow.m ...
 Compiling file Feed.m ...
Feed.m:166:1: warning: incomplete implementation of class ‘Feed’
  166 | @end
      | ^
Feed.m:166:1: warning: method definition for ‘-isFetching’ not found
Feed.m:166:1: warning: class ‘Feed’ does not fully implement the ‘RSSFeedFetching’ protocol
Feed.m:166:1: warning: incomplete implementation of class ‘Feed’
Feed.m:166:1: warning: method definition for ‘-autoClear’ not found
Feed.m:166:1: warning: method definition for ‘-feedURL’ not found
Feed.m:166:1: warning: method definition for ‘-feedName’ not found
Feed.m:166:1: warning: method definition for ‘-articleCount’ not found
Feed.m:166:1: warning: method definition for ‘-articleSet’ not found
Feed.m:166:1: warning: method definition for ‘-articleEnumerator’ not found
Feed.m:166:1: warning: class ‘Feed’ does not fully implement the ‘RSSFeed’ protocol
Feed.m:166:1: warning: incomplete implementation of class ‘Feed’
Feed.m:166:1: warning: method definition for ‘-articleSet’ not found
Feed.m:166:1: warning: class ‘Feed’ does not fully implement the ‘ArticleGroup’ protocol
 Compiling file GNRatingCell.m ...
 Compiling file Grr_main.m ...
 Compiling file ImageTextCell.m ...
 Compiling file NSBundle+Extensions.m ...
 Compiling file NSURL+Proxy.m ...
 Compiling file NumberedImageTextCell.m ...
 Compiling file PipeType.m ...
 Compiling file PreferencesComponent.m ...
 Compiling file PreferencesPanel.m ...
 Linking app Grr ...
 Creating Grr.app/Resources...
 Creating stamp file...
 Creating Grr.app/Resources/Info-gnustep.plist...
 Creating Grr.app/Resources/Grr.desktop...
 Copying resources into the app wrapper...
 Copying localized resources into the app wrapper...
Making all in Components ...
Making all in ArticleTable ...
Making all for bundle ArticleTable...
 Creating ArticleTable.grrc/....
 Compiling file ArticleTablePlugin.m ...
 Linking bundle ArticleTable ...
 Creating ArticleTable.grrc/Resources...
 Copying localized resources into the bundle wrapper...
Warning: .//German.lproj not found - ignoring
 Creating stamp file...
 Creating ArticleTable.grrc/Resources/Info-gnustep.plist...
 Copying bundle directory into ../../Grr.app/Resources/...
Making all in ArticleView ...
Making all for bundle ArticleView...
 Creating ArticleView.grrc/....
 Compiling file ArticleTextViewPlugin.m ...
 Compiling file NSString+TolerantHTML.m ...
 Linking bundle ArticleView ...
 Creating ArticleView.grrc/Resources...
 Copying localized resources into the bundle wrapper...
 Creating stamp file...
 Creating ArticleView.grrc/Resources/Info-gnustep.plist...
 Copying bundle directory into ../../Grr.app/Resources/...
Making all in DatabaseTreeView ...
Making all for bundle DatabaseTreeView...
 Creating DatabaseTreeView.grrc/....
 Compiling file DatabaseTreeViewController.m ...
 Linking bundle DatabaseTreeView ...
 Creating DatabaseTreeView.grrc/Resources...
 Copying localized resources into the bundle wrapper...
Warning: .//German.lproj not found - ignoring
 Creating stamp file...
 Creating DatabaseTreeView.grrc/Resources/Info-gnustep.plist...
 Copying bundle directory into ../../Grr.app/Resources/...
Making all in Proxy ...
Making all for bundle Proxy...
 Creating Proxy.grrc/....
 Compiling file ProxyComponent.m ...
 Linking bundle Proxy ...
 Creating Proxy.grrc/Resources...
 Copying localized resources into the bundle wrapper...
 Creating stamp file...
 Creating Proxy.grrc/Resources/Info-gnustep.plist...
 Copying bundle directory into ../../Grr.app/Resources/...
Making all in Fonts ...
Making all for bundle Fonts...
 Creating Fonts.grrc/....
 Compiling file FontsComponent.m ...
 Compiling file FontBox.m ...
 Linking bundle Fonts ...
 Creating Fonts.grrc/Resources...
 Copying resources into the bundle wrapper...
 Copying localized resources into the bundle wrapper...
Warning: .//German.lproj not found - ignoring
 Creating stamp file...
 Creating Fonts.grrc/Resources/Info-gnustep.plist...
 Copying bundle directory into ../../Grr.app/Resources/...
Making all in TreeDatabase ...
Making all for bundle TreeDatabase...
 Creating TreeDatabase.grrdb/....
 Compiling file TreeDatabaseComponent.m ...
 Linking bundle TreeDatabase ...
 Creating TreeDatabase.grrdb/Resources...
 Creating stamp file...
 Creating TreeDatabase.grrdb/Resources/Info-gnustep.plist...
 Copying bundle directory into ../../Grr.app/Resources/...
Making all in DatabaseOperations ...
Making all for bundle DatabaseOperations...
 Creating DatabaseOperations.grrc/....
 Compiling file DatabaseOperations.m ...
 Linking bundle DatabaseOperations ...
 Creating DatabaseOperations.grrc/Resources...
 Copying localized resources into the bundle wrapper...
Warning: .//English.lproj not found - ignoring
Warning: .//German.lproj not found - ignoring
 Creating stamp file...
 Creating DatabaseOperations.grrc/Resources/Info-gnustep.plist...
 Copying bundle directory into ../../Grr.app/Resources/...
Making all in ArticleOperations ...
Making all for bundle ArticleOperations...
 Creating ArticleOperations.grrc/....
 Compiling file ArticleOperations.m ...
 Linking bundle ArticleOperations ...
 Creating ArticleOperations.grrc/Resources...
 Copying localized resources into the bundle wrapper...
 Creating stamp file...
 Creating ArticleOperations.grrc/Resources/Info-gnustep.plist...
 Copying bundle directory into ../../Grr.app/Resources/...
Making all in SubscriptionPanel ...
Making all for bundle SubscriptionPanel...
 Creating SubscriptionPanel.grrc/....
 Compiling file SubscriptionPanel.m ...
 Linking bundle SubscriptionPanel ...
 Creating SubscriptionPanel.grrc/Resources...
 Copying localized resources into the bundle wrapper...
Warning: .//German.lproj/SubscriptionPanel.gorm not found - ignoring
 Creating stamp file...
 Creating SubscriptionPanel.grrc/Resources/Info-gnustep.plist...
 Copying bundle directory into ../../Grr.app/Resources/...
Making all in Searching ...
Making all for bundle Searching...
 Creating Searching.grrc/....
 Compiling file Searching.m ...
 Compiling file NSSet+ArticleFiltering.m ...
 Linking bundle Searching ...
 Creating Searching.grrc/Resources...
 Copying localized resources into the bundle wrapper...
 Creating stamp file...
 Creating Searching.grrc/Resources/Info-gnustep.plist...
 Copying bundle directory into ../../Grr.app/Resources/...
This is gnustep-make 2.9.3. Type 'gmake print-gnustep-make-help' for help.
Running in gnustep-make version 2 strict mode.
Making all for app Grr...
gmake[3]: Rien à faire pour « internal-app-compile ».
 Copying resources into the app wrapper...
 Copying localized resources into the app wrapper...
Making all in Components ...
Making all in ArticleTable ...
Making all for bundle ArticleTable...
gmake[5]: Rien à faire pour « internal-bundle-compile ».
 Copying localized resources into the bundle wrapper...
Warning: .//German.lproj not found - ignoring
 Copying bundle directory into ../../Grr.app/Resources/...
Making all in ArticleView ...
Making all for bundle ArticleView...
gmake[5]: Rien à faire pour « internal-bundle-compile ».
 Copying localized resources into the bundle wrapper...
 Copying bundle directory into ../../Grr.app/Resources/...
Making all in DatabaseTreeView ...
Making all for bundle DatabaseTreeView...
gmake[5]: Rien à faire pour « internal-bundle-compile ».
 Copying localized resources into the bundle wrapper...
Warning: .//German.lproj not found - ignoring
 Copying bundle directory into ../../Grr.app/Resources/...
Making all in Proxy ...
Making all for bundle Proxy...
gmake[5]: Rien à faire pour « internal-bundle-compile ».
 Copying localized resources into the bundle wrapper...
 Copying bundle directory into ../../Grr.app/Resources/...
Making all in Fonts ...
Making all for bundle Fonts...
gmake[5]: Rien à faire pour « internal-bundle-compile ».
 Copying resources into the bundle wrapper...
 Copying localized resources into the bundle wrapper...
Warning: .//German.lproj not found - ignoring
 Copying bundle directory into ../../Grr.app/Resources/...
Making all in TreeDatabase ...
Making all for bundle TreeDatabase...
gmake[5]: Rien à faire pour « internal-bundle-compile ».
 Copying bundle directory into ../../Grr.app/Resources/...
Making all in DatabaseOperations ...
Making all for bundle DatabaseOperations...
gmake[5]: Rien à faire pour « internal-bundle-compile ».
 Copying localized resources into the bundle wrapper...
Warning: .//English.lproj not found - ignoring
Warning: .//German.lproj not found - ignoring
 Copying bundle directory into ../../Grr.app/Resources/...
Making all in ArticleOperations ...
Making all for bundle ArticleOperations...
gmake[5]: Rien à faire pour « internal-bundle-compile ».
 Copying localized resources into the bundle wrapper...
 Copying bundle directory into ../../Grr.app/Resources/...
Making all in SubscriptionPanel ...
Making all for bundle SubscriptionPanel...
gmake[5]: Rien à faire pour « internal-bundle-compile ».
 Copying localized resources into the bundle wrapper...
Warning: .//German.lproj/SubscriptionPanel.gorm not found - ignoring
 Copying bundle directory into ../../Grr.app/Resources/...
Making all in Searching ...
Making all for bundle Searching...
gmake[5]: Rien à faire pour « internal-bundle-compile ».
 Copying localized resources into the bundle wrapper...
 Copying bundle directory into ../../Grr.app/Resources/...
Making install for app Grr...
 Installing bundle directory...
Making install in Components ...
Making install in ArticleTable ...
Making install for bundle ArticleTable...
Skipping standard installation of ArticleTable as requested by makefile
Making install in ArticleView ...
Making install for bundle ArticleView...
Skipping standard installation of ArticleView as requested by makefile
Making install in DatabaseTreeView ...
Making install for bundle DatabaseTreeView...
Skipping standard installation of DatabaseTreeView as requested by makefile
Making install in Proxy ...
Making install for bundle Proxy...
Skipping standard installation of Proxy as requested by makefile
Making install in Fonts ...
Making install for bundle Fonts...
Skipping standard installation of Fonts as requested by makefile
Making install in TreeDatabase ...
Making install for bundle TreeDatabase...
Skipping standard installation of TreeDatabase as requested by makefile
Making install in DatabaseOperations ...
Making install for bundle DatabaseOperations...
Skipping standard installation of DatabaseOperations as requested by makefile
Making install in ArticleOperations ...
Making install for bundle ArticleOperations...
Skipping standard installation of ArticleOperations as requested by makefile
Making install in SubscriptionPanel ...
Making install for bundle SubscriptionPanel...
Skipping standard installation of SubscriptionPanel as requested by makefile
Making install in Searching ...
Making install for bundle Searching...
Skipping standard installation of Searching as requested by makefile
