[H[J[3J
[1m[33m === FlexiSheet === [0;10m

Debug status: yes

[1m *** Purge old release *** [0;10m

	 FlexiSheet Bundle was removed.
	 FlexiSheet link was removed.
[22;32m- Purge was done[0m.

[1m *** Building and installing FlexiSheet *** [0;10m

This is gnustep-make 2.9.3. Type 'gmake print-gnustep-make-help' for help.
Running in gnustep-make version 2 strict mode.
Making all in subprojects of app FlexiSheet...
Making all for subproject FSCore...
 Compiling file FSConstant.m ...
 Compiling file FSExpression.m ...
 Compiling file FSExpressionError.m ...
 Compiling file FSExpressionNegator.m ...
 Compiling file FSExpressionParenthesis.m ...
 Compiling file FSFormula.m ...
 Compiling file FSFormulaDefinition.m ...
 Compiling file FSFormulaSelection.m ...
 Compiling file FSFormulaSpace.m ...
 Compiling file FSFunction.m ...
 Compiling file FSGlobalHeader.m ...
 Compiling file FSHashMap.m ...
 Compiling file FSHeader.m ...
FSHeader.m: In function ‘-[FSHeader dictionaryForArchiving]’:
FSHeader.m:177:9: warning: ‘@interface’ of class ‘FSDocument’ not found
  177 |         NSArray  *links = [[self document] globalCategories];
      |         ^~~~~~~
 Compiling file FSKey.m ...
 Compiling file FSKeyGroup.m ...
 Compiling file FSKeyRange.m ...
 Compiling file FSKeySet.m ...
FSKeySet.m: In function ‘FSkeysetAddKey’:
FSKeySet.m:522:41: warning: cast from pointer to integer of different size [-Wpointer-to-int-cast]
  522 |                 sprintf(buffer, "%08X", (int)aKey);
      |                                         ^
FSKeySet.m: In function ‘FSkeysetGenerateHashcode’:
FSKeySet.m:602:56: warning: cast from pointer to integer of different size [-Wpointer-to-int-cast]
  602 |             sprintf(ks->hashcodeChars+index*8, "%08X", (int)ks->keys[index]);
      |                                                        ^
FSKeySet.m: In function ‘FSkeysetAddKey’:
FSKeySet.m:523:17: warning: ‘strncpy’ output may be truncated copying 8 bytes from a string of length 8 [-Wstringop-truncation]
  523 |                 strncpy(ks->hashcodeChars+index*8, buffer, 8);
      |                 ^~~~~~~~~~~~~~~~~~~~~~~~~~~~~~~~~~~~~~~~~~~~~
 Compiling file FSLog.m ...
 Compiling file FSOperator.m ...
 Compiling file FSParserFunctions.m ...
 Compiling file FSSelection.m ...
 Compiling file FSTable+Find.m ...
 Compiling file FSTable+Formula.m ...
 Compiling file FSTable.m ...
FSTable.m: In function ‘-[FSTable(Archiving) _setValuesFromArray:]’:
FSTable.m:658:27: warning: variable ‘value’ set but not used [-Wunused-but-set-variable]
  658 |     FSValue              *value;
      |                           ^~~~~
 Compiling file FSUnit.m ...
 Compiling file FSValue.m ...
 Compiling file FSVariable.m ...
 Compiling file FoundationExtentions.m ...
Making all for subproject FSFunctions...
 Compiling file FSAbsFunction.m ...
 Compiling file FSMaxFunction.m ...
 Compiling file FSSqrtFunction.m ...
 Compiling file FSCellnameFunction.m ...
 Compiling file FSMinFunction.m ...
 Compiling file FSStringFunction.m ...
 Compiling file FSCorrelFunction.m ...
 Compiling file FSPIFunction.m ...
 Compiling file FSSumFunction.m ...
FSSumFunction.m: In function ‘-[FSAvgFunction formulaValueForKeySet:]’:
FSSumFunction.m:203:19: warning: variable ‘found’ set but not used [-Wunused-but-set-variable]
  203 |     BOOL          found = NO;
      |                   ^~~~~
 Compiling file FSCosFunction.m ...
 Compiling file FSProdFunction.m ...
 Compiling file FSTanFunction.m ...
 Compiling file FSFinancialFunctions.m ...
 Compiling file FSRandFunction.m ...
 Compiling file FSTodayFunction.m ...
 Compiling file FSIfFunction.m ...
 Compiling file FSSignFunction.m ...
 Compiling file FSLnFunction.m ...
 Compiling file FSSinFunction.m ...
Making all for subproject FSOperators...
 Compiling file FSCatOperator.m ...
 Compiling file FSMinusOperator.m ...
 Compiling file FSPowOperator.m ...
 Compiling file FSDivideOperator.m ...
 Compiling file FSMultiplyOperator.m ...
 Compiling file FSEqualOperator.m ...
 Compiling file FSPlusOperator.m ...
Making all in subprojects of subproject Application...
Making all for subproject UI...
 Compiling file FSFormulaTable.m ...
 Compiling file FSTableView+Scrolling.m ...
 Compiling file SLCornerMenu.m ...
 Compiling file FSHeaderDock.m ...
 Compiling file FSTableView+Selection.m ...
FSTableView+Selection.m: In function ‘-[FSTableView(Selection) _rangesForKeySets::]’:
FSTableView+Selection.m:529:12: warning: suggest parentheses around assignment used as truth value [-Wparentheses]
  529 |     while (key1 = [cursor nextObject]) {
      |            ^~~~
 Compiling file SLFloatingMark.m ...
 Compiling file FSMatrix.m ...
FSMatrix.m: In function ‘-[FSMatrix reloadData]’:
FSMatrix.m:365:34: warning: argument to ‘sizeof’ in ‘memset’ call is the same expression as the destination; did you mean to dereference it? [-Wsizeof-pointer-memaccess]
  365 |     memset(_rowHeights, 0, sizeof((float*)_rowHeights));
      |                                  ^
FSMatrix.m:369:34: warning: argument to ‘sizeof’ in ‘memset’ call is the same pointer type ‘float *’ as the destination; expected ‘float’ or an explicit length [-Wsizeof-pointer-memaccess]
  369 |     memset(_rowHeights, 0, sizeof((float*)_colWidths));
      |                                  ^
 Compiling file FSTableView.m ...
FSTableView.m: In function ‘-[FSTableView reloadData]’:
FSTableView.m:180:5: warning: initialization from distinct Objective-C type
  180 |     FSTable  *table = [dataSource table];
      |     ^~~~~~~
 Compiling file SLOutlineView.m ...
 Compiling file FSTableView+Keyboard.m ...
 Compiling file FSVarioMatrix.m ...
 Compiling file SLSplashScreen.m ...
 Compiling file FSTableView+Layout.m ...
FSTableView+Layout.m: In function ‘-[FSTableView(Layout) adjustAllCells]’:
FSTableView+Layout.m:246:5: warning: ‘FSHeader’ may not respond to ‘-count’
  246 |     index = [header count];
      |     ^~~~~
FSTableView+Layout.m:246:5: warning: (messages without a matching method signature will be assumed to return ‘id’ and accept ‘...’ as arguments)
FSTableView+Layout.m:246:11: error: assignment to ‘NSUInteger’ {aka ‘long unsigned int’} from ‘id’ makes integer from pointer without a cast [-Wint-conversion]
  246 |     index = [header count];
      |           ^
FSTableView+Layout.m: In function ‘-[FSTableView(Layout) layoutDictionary]’:
FSTableView+Layout.m:257:5: warning: ‘NSTextTable’ may not respond to ‘-headers’
  257 |     NSEnumerator        *cursor = [[[dataSource table] headers] objectEnumerator];
      |     ^~~~~~~~~~~~
FSTableView+Layout.m:266:12: warning: suggest parentheses around assignment used as truth value [-Wparentheses]
  266 |     while (header = [cursor nextObject]) {
      |            ^~~~~~
FSTableView+Layout.m: In function ‘-[FSTableView(Layout) applyLayoutDictionary:]’:
FSTableView+Layout.m:319:5: warning: ‘NSTextTable’ may not respond to ‘-headers’
  319 |     NSEnumerator   *cursor = [[[dataSource table] headers] objectEnumerator];
      |     ^~~~~~~~~~~~
FSTableView+Layout.m:332:12: warning: suggest parentheses around assignment used as truth value [-Wparentheses]
  332 |     while (header = [cursor nextObject]) {
      |            ^~~~~~
gmake[5]: *** [/System/Library/Makefiles/rules.make:534: obj/UI.obj/FSTableView+Layout.m.o] Error 1
gmake[4]: *** [/System/Library/Makefiles/Instance/subproject.make:45: internal-subproject-all_] Error 2
gmake[3]: *** [/System/Library/Makefiles/Master/rules.make:297: UI.all.subproject.variables] Error 2
gmake[2]: *** [/System/Library/Makefiles/Master/rules.make:297: Application.all.subproject.variables] Error 2
gmake[1]: *** [/System/Library/Makefiles/Master/rules.make:297: FlexiSheet.all.app.variables] Error 2
make: *** [/System/Library/Makefiles/Master/application.make:38: internal-all] Error 2
This is gnustep-make 2.9.3. Type 'gmake print-gnustep-make-help' for help.
Running in gnustep-make version 2 strict mode.
Making all in subprojects of app FlexiSheet...
Making all for subproject FSCore...
gmake[4]: Rien à faire pour « internal-subproject-compile ».
Making all for subproject FSFunctions...
gmake[4]: Rien à faire pour « internal-subproject-compile ».
Making all for subproject FSOperators...
gmake[4]: Rien à faire pour « internal-subproject-compile ».
Making all in subprojects of subproject Application...
Making all for subproject UI...
 Compiling file FSTableView+Layout.m ...
FSTableView+Layout.m: In function ‘-[FSTableView(Layout) adjustAllCells]’:
FSTableView+Layout.m:246:5: warning: ‘FSHeader’ may not respond to ‘-count’
  246 |     index = [header count];
      |     ^~~~~
FSTableView+Layout.m:246:5: warning: (messages without a matching method signature will be assumed to return ‘id’ and accept ‘...’ as arguments)
FSTableView+Layout.m:246:11: error: assignment to ‘NSUInteger’ {aka ‘long unsigned int’} from ‘id’ makes integer from pointer without a cast [-Wint-conversion]
  246 |     index = [header count];
      |           ^
FSTableView+Layout.m: In function ‘-[FSTableView(Layout) layoutDictionary]’:
FSTableView+Layout.m:257:5: warning: ‘NSTextTable’ may not respond to ‘-headers’
  257 |     NSEnumerator        *cursor = [[[dataSource table] headers] objectEnumerator];
      |     ^~~~~~~~~~~~
FSTableView+Layout.m:266:12: warning: suggest parentheses around assignment used as truth value [-Wparentheses]
  266 |     while (header = [cursor nextObject]) {
      |            ^~~~~~
FSTableView+Layout.m: In function ‘-[FSTableView(Layout) applyLayoutDictionary:]’:
FSTableView+Layout.m:319:5: warning: ‘NSTextTable’ may not respond to ‘-headers’
  319 |     NSEnumerator   *cursor = [[[dataSource table] headers] objectEnumerator];
      |     ^~~~~~~~~~~~
FSTableView+Layout.m:332:12: warning: suggest parentheses around assignment used as truth value [-Wparentheses]
  332 |     while (header = [cursor nextObject]) {
      |            ^~~~~~
gmake[5]: *** [/System/Library/Makefiles/rules.make:534: obj/UI.obj/FSTableView+Layout.m.o] Error 1
gmake[4]: *** [/System/Library/Makefiles/Instance/subproject.make:45: internal-subproject-all_] Error 2
gmake[3]: *** [/System/Library/Makefiles/Master/rules.make:297: UI.all.subproject.variables] Error 2
gmake[2]: *** [/System/Library/Makefiles/Master/rules.make:297: Application.all.subproject.variables] Error 2
gmake[1]: *** [/System/Library/Makefiles/Master/rules.make:297: FlexiSheet.all.app.variables] Error 2
make: *** [/System/Library/Makefiles/Master/application.make:38: internal-all] Error 2

 [22;31m=== Alert! ===[0m 
[22;31m [E] ERROR! The application FlexiSheet was not found in /Local/Applications.
Please, report this issue at:
https://github.com/pcardona34/agnostep-desktop/issues [0m 

