This is gnustep-make 2.9.3. Type 'gmake print-gnustep-make-help' for help.
Running in gnustep-make version 2 strict mode.
Making all for app Ink...
 Creating Ink.app/....
 Compiling file main.m ...
 Compiling file AppDelegate.m ...
 Compiling file Document.m ...
 Linking app Ink ...
 Creating Ink.app/Resources...
 Creating stamp file...
 Creating Ink.app/Resources/Info-gnustep.plist...
 Creating Ink.app/Resources/Ink.desktop...
 Copying resources into the app wrapper...
 Copying localized resources into the app wrapper...
This is gnustep-make 2.9.3. Type 'gmake print-gnustep-make-help' for help.
Running in gnustep-make version 2 strict mode.
Making all for app Ink...
gmake[3]: Rien à faire pour « internal-app-compile ».
 Copying resources into the app wrapper...
 Copying localized resources into the app wrapper...
Making install for app Ink...
 Installing bundle directory...
